// Jest Snapshot v1, https://goo.gl/fbAQLP

exports[`NewVisual component should render 1`] = `true`;
