// Jest Snapshot v1, https://goo.gl/fbAQLP

exports[`<CardComponent /> should render card component 1`] = `true`;
