// Jest Snapshot v1, https://goo.gl/fbAQLP

exports[`<FileUploader /> renders 1`] = `true`;
