// Jest Snapshot v1, https://goo.gl/fbAQLP

exports[`SnackbarAlert component should render 1`] = `true`;
