// Jest Snapshot v1, https://goo.gl/fbAQLP

exports[`Image Gallery component should render 1`] = `true`;
